[heliospsych.com/index.html]
[backblue.gif]
[fade.gif]
[index.html]
[heliospsych.com/apple-touch-icon-57x57.png]
[heliospsych.com/apple-touch-icon-114x114.png]
[heliospsych.com/apple-touch-icon-72x72.png]
[heliospsych.com/apple-touch-icon-144x144.png]
[heliospsych.com/apple-touch-icon-60x60.png]
[heliospsych.com/apple-touch-icon-120x120.png]
[heliospsych.com/apple-touch-icon-76x76.png]
[heliospsych.com/apple-touch-icon-152x152.png]
[heliospsych.com/apple-touch-icon-180x180.png]
[heliospsych.com/favicon-96x96.png]
[heliospsych.com/favicon-16x16.png]
[heliospsych.com/favicon-32x32.png]
[heliospsych.com/favicon.ico]
[maxcdn.bootstrapcdn.com/bootstrap/3.3.7/css/bootstrap.min.css]
[maxcdn.bootstrapcdn.com/font-awesome/4.7.0/css/font-awesome.min.css]
[www.google.com/recaptcha/api.js]
[heliospsych.com/img/logo.png]
[heliospsych.com/insurance.html]
[heliospsych.com/blog.html]
[heliospsych.com/resources.html]
[heliospsych.com/img/helios.png]
[heliospsych.com/docs/Adult_Intake_Packet_04-11-2024.pdf]
[heliospsych.com/img/Adobe_PDF_file_icon_32x32.png]
[heliospsych.com/docs/Minor_Intake_Packet_04-11-2024.pdf]
[heliospsych.com/docs/Policy_Packet _04-11-2024.pdf]
[heliospsych.com/img/head-shot-hetal-patel.jpg]
[heliospsych.com/img/head-shot-theresa-kelly.jpg]
[heliospsych.com/img/head-shot-greg-napolitano.jpg]
[heliospsych.com/img/head-shot-julia-brown.jpg]
[heliospsych.com/img/head-shot-haya-altown.jpg]
[heliospsych.com/img/head-shot-patricia-strieter.jpg]
[heliospsych.com/img/head-shot-jill-thuston.jpg]
[heliospsych.com/img/head-shot-carlton-cain.jpg]
[heliospsych.com/img/head-shot-lisa-van-le.jpg]
[heliospsych.com/img/head-shot-ashley-white.jpg]
[heliospsych.com/img/head-shot-scott-kristie.jpg]
[heliospsych.com/img/head-shot-renee-tringali.jpg]
[heliospsych.com/img/head-shot-angie-hammoud.jpg]
[heliospsych.com/img/head-shot-tiffany-jones.jpg]
[heliospsych.com/img/head-shot-abby-lewis-2.jpg]
[heliospsych.com/img/head-shot-chastity-walker.jpg]
[heliospsych.com/img/head-shot-kelly-eschenburg.jpg]
[heliospsych.com/img/head-shot-aaron-teutsch.jpg]
[heliospsych.com/img/head-shot-ashley-sfarlea.jpg]
[heliospsych.com/img/head-shot-teresa-bentley.jpg]
[heliospsych.com/img/head-shot-daniel-catterall.jpg]
[heliospsych.com/img/head-shot-renea-royal.jpg]
[heliospsych.com/img/head-shot-kimberly-bernock.jpg]
[heliospsych.com/img/head-shot-britton-stebbins.jpg]
[heliospsych.com/img/head-shot-dustin-caza.jpg]
[heliospsych.com/img/head-shot-katina-bennett-2.jpg]
[heliospsych.com/img/head-shot-gary-montgomery.jpg]
[heliospsych.com/img/head-shot-kevin-kulhanek.jpg]
[heliospsych.com/img/head-shot-karen-farrar.jpg]
[heliospsych.com/img/head-shot-laura-coppola-3.jpg]
[heliospsych.com/img/head-shot-kristina-huntington-miller.jpg]
[heliospsych.com/img/head-shot-michael-sowles.jpg]
[heliospsych.com/img/head-shot-nona-moore.jpg]
[heliospsych.com/img/head-shot-david-gillespie-2.jpg]
[heliospsych.com/img/head-shot-nataki-am.jpg]
[heliospsych.com/img/head-shot-chris-k.jpg]
[heliospsych.com/img/head-shot-hyatt-a.jpg]
[heliospsych.com/img/head-shot-tina-c.jpg]
[heliospsych.com/img/head-shot-jonatha-n.jpg]
[heliospsych.com/img/head-shot-kathleen-a.jpg]
[heliospsych.com/img/head-shot-kaazmi-m.jpg]
[heliospsych.com/img/head-shot-meghan-m.jpg]
[heliospsych.com/img/head-shot-elizabeth-baarman.jpg]
[heliospsych.com/img/head-shot-rebecca-hk.jpg]
[heliospsych.com/img/head-shot-joseph-b.jpg]
[heliospsych.com/img/head-shot-julia-c.jpg]
[heliospsych.com/img/head-shot-kelly-b.jpg]
[heliospsych.com/img/head-shot-meagan-k.jpg]
[heliospsych.com/img/head-shot-renae-l.jpg]
[heliospsych.com/img/head-shot-peggy-r.jpg]
[heliospsych.com/img/head-shot-shelby-f.jpg]
[heliospsych.com/img/head-shot-julia-v-2.jpg]
[heliospsych.com/img/head-shot-min-l.jpg]
[heliospsych.com/img/head-shot-samantha-h.jpg]
[heliospsych.com/img/head-shot-amanda-s.jpg]
[heliospsych.com/img/head-shot-clarissa-f.jpg]
[heliospsych.com/img/head-shot-jen-m.jpg]
[heliospsych.com/img/head-shot-emily-e.jpg]
[heliospsych.com/img/head-shot-nusra-n.jpg]
[heliospsych.com/img/head-shot-kailyn-s.jpg]
[heliospsych.com/img/head-shot-rebecca-c.jpg]
[heliospsych.com/img/head-shot-anawara-b.jpg]
[heliospsych.com/img/head-shot-jack-f.jpg]
[ajax.googleapis.com/ajax/libs/jquery/3.1.1/jquery.min.js]
[maxcdn.bootstrapcdn.com/bootstrap/3.3.7/js/bootstrap.min.js]
[maxcdn.bootstrapcdn.com/js/ie10-viewport-bug-workaround.js]
[heliospsych.com/js/main0e7e.js]
[heliospsych.com/index.html]
[www.googletagmanager.com/gtm5445.html]
[heliospsych.com/favicon-192x192.html]
[heliospsych.com/favicon-160x160.html]
[maxcdn.bootstrapcdn.com/bootstrap/3.3.7/css/bootstrap.min.css]
[maxcdn.bootstrapcdn.com/font-awesome/4.7.0/css/font-awesome.min.css]
[challenges.cloudflare.com/turnstile/v0/g/d2a97f6b6ec9/api.js]
[heliospsych.com/img/headerbg.jpg]
[heliospsych.com/css/main7dd3.css]
[heliospsych.com/mstile-144x144.png]
[heliospsych.com/js/main7dd3.js]
[heliospsych.com/insurance.html]
[heliospsych.com/img/habits.jpg]
[heliospsych.com/blog.html]
[heliospsych.com/docs/Hosptial_Discharge_Planner_Form_2024_06_19.pdf]
[heliospsych.com/docs/hospitaldischarge.pdf]
[heliospsych.com/docs/newsletter_2024_05.pdf]
[heliospsych.com/docs/newsletter_2024_04.pdf]
[heliospsych.com/docs/newsletter_2024_03.pdf]
[heliospsych.com/docs/newsletter_2024_02.pdf]
[heliospsych.com/docs/newsletter_2024_01.pdf]
[heliospsych.com/resources.html]
[heliospsych.com/img/head-shot-eva-duboff.html]
